registry/apiregistration.k8s.io/apiservices/v1.

/registry/apiregistration.k8s.io/apiservices/v1.admissionregistration.k8s.io

/registry/apiregistration.k8s.io/apiservices/v1.apiextensions.k8s.io

/registry/apiregistration.k8s.io/apiservices/v1.apps

/registry/apiregistration.k8s.io/apiservices/v1.authentication.k8s.io

/registry/apiregistration.k8s.io/apiservices/v1.authorization.k8s.io

/registry/apiregistration.k8s.io/apiservices/v1.autoscaling

/registry/apiregistration.k8s.io/apiservices/v1.batch

/registry/apiregistration.k8s.io/apiservices/v1.certificates.k8s.io

/registry/apiregistration.k8s.io/apiservices/v1.coordination.k8s.io

/registry/apiregistration.k8s.io/apiservices/v1.discovery.k8s.io

/registry/apiregistration.k8s.io/apiservices/v1.events.k8s.io

/registry/apiregistration.k8s.io/apiservices/v1.flowcontrol.apiserver.k8s.io

/registry/apiregistration.k8s.io/apiservices/v1.networking.k8s.io

/registry/apiregistration.k8s.io/apiservices/v1.node.k8s.io

/registry/apiregistration.k8s.io/apiservices/v1.policy

/registry/apiregistration.k8s.io/apiservices/v1.rbac.authorization.k8s.io

/registry/apiregistration.k8s.io/apiservices/v1.scheduling.k8s.io

/registry/apiregistration.k8s.io/apiservices/v1.storage.k8s.io

/registry/apiregistration.k8s.io/apiservices/v1beta3.flowcontrol.apiserver.k8s.io

/registry/apiregistration.k8s.io/apiservices/v2.autoscaling

/registry/clusterrolebindings/cluster-admin

/registry/clusterrolebindings/kindnet

/registry/clusterrolebindings/kubeadm:cluster-admins

/registry/clusterrolebindings/kubeadm:get-nodes

/registry/clusterrolebindings/kubeadm:kubelet-bootstrap

/registry/clusterrolebindings/kubeadm:node-autoapprove-bootstrap

/registry/clusterrolebindings/kubeadm:node-autoapprove-certificate-rotation

/registry/clusterrolebindings/kubeadm:node-proxier

/registry/clusterrolebindings/local-path-provisioner-bind

/registry/clusterrolebindings/system:basic-user

/registry/clusterrolebindings/system:controller:attachdetach-controller

/registry/clusterrolebindings/system:controller:certificate-controller

/registry/clusterrolebindings/system:controller:clusterrole-aggregation-controller

/registry/clusterrolebindings/system:controller:cronjob-controller

/registry/clusterrolebindings/system:controller:daemon-set-controller

/registry/clusterrolebindings/system:controller:deployment-controller

/registry/clusterrolebindings/system:controller:disruption-controller

/registry/clusterrolebindings/system:controller:endpoint-controller

/registry/clusterrolebindings/system:controller:endpointslice-controller

/registry/clusterrolebindings/system:controller:endpointslicemirroring-controller

/registry/clusterrolebindings/system:controller:ephemeral-volume-controller

/registry/clusterrolebindings/system:controller:expand-controller

/registry/clusterrolebindings/system:controller:generic-garbage-collector

/registry/clusterrolebindings/system:controller:horizontal-pod-autoscaler

/registry/clusterrolebindings/system:controller:job-controller

/registry/clusterrolebindings/system:controller:legacy-service-account-token-cleaner

/registry/clusterrolebindings/system:controller:namespace-controller

/registry/clusterrolebindings/system:controller:node-controller

/registry/clusterrolebindings/system:controller:persistent-volume-binder

/registry/clusterrolebindings/system:controller:pod-garbage-collector

/registry/clusterrolebindings/system:controller:pv-protection-controller

/registry/clusterrolebindings/system:controller:pvc-protection-controller

/registry/clusterrolebindings/system:controller:replicaset-controller

/registry/clusterrolebindings/system:controller:replication-controller

/registry/clusterrolebindings/system:controller:resourcequota-controller

/registry/clusterrolebindings/system:controller:root-ca-cert-publisher

/registry/clusterrolebindings/system:controller:route-controller

/registry/clusterrolebindings/system:controller:service-account-controller

/registry/clusterrolebindings/system:controller:service-controller

/registry/clusterrolebindings/system:controller:statefulset-controller

/registry/clusterrolebindings/system:controller:ttl-after-finished-controller

/registry/clusterrolebindings/system:controller:ttl-controller

/registry/clusterrolebindings/system:controller:validatingadmissionpolicy-status-controller

/registry/clusterrolebindings/system:coredns

/registry/clusterrolebindings/system:discovery

/registry/clusterrolebindings/system:kube-controller-manager

/registry/clusterrolebindings/system:kube-dns

/registry/clusterrolebindings/system:kube-scheduler

/registry/clusterrolebindings/system:monitoring

/registry/clusterrolebindings/system:node

/registry/clusterrolebindings/system:node-proxier

/registry/clusterrolebindings/system:public-info-viewer

/registry/clusterrolebindings/system:service-account-issuer-discovery

/registry/clusterrolebindings/system:volume-scheduler

/registry/clusterroles/admin

/registry/clusterroles/cluster-admin

/registry/clusterroles/edit

/registry/clusterroles/kindnet

/registry/clusterroles/kubeadm:get-nodes

/registry/clusterroles/local-path-provisioner-role

/registry/clusterroles/system:aggregate-to-admin

/registry/clusterroles/system:aggregate-to-edit

/registry/clusterroles/system:aggregate-to-view

/registry/clusterroles/system:auth-delegator

/registry/clusterroles/system:basic-user

/registry/clusterroles/system:certificates.k8s.io:certificatesigningrequests:nodeclient

/registry/clusterroles/system:certificates.k8s.io:certificatesigningrequests:selfnodeclient

/registry/clusterroles/system:certificates.k8s.io:kube-apiserver-client-approver

/registry/clusterroles/system:certificates.k8s.io:kube-apiserver-client-kubelet-approver

/registry/clusterroles/system:certificates.k8s.io:kubelet-serving-approver

/registry/clusterroles/system:certificates.k8s.io:legacy-unknown-approver

/registry/clusterroles/system:controller:attachdetach-controller

/registry/clusterroles/system:controller:certificate-controller

/registry/clusterroles/system:controller:clusterrole-aggregation-controller

/registry/clusterroles/system:controller:cronjob-controller

/registry/clusterroles/system:controller:daemon-set-controller

/registry/clusterroles/system:controller:deployment-controller

/registry/clusterroles/system:controller:disruption-controller

/registry/clusterroles/system:controller:endpoint-controller

/registry/clusterroles/system:controller:endpointslice-controller

/registry/clusterroles/system:controller:endpointslicemirroring-controller

/registry/clusterroles/system:controller:ephemeral-volume-controller

/registry/clusterroles/system:controller:expand-controller

/registry/clusterroles/system:controller:generic-garbage-collector

/registry/clusterroles/system:controller:horizontal-pod-autoscaler

/registry/clusterroles/system:controller:job-controller

/registry/clusterroles/system:controller:legacy-service-account-token-cleaner

/registry/clusterroles/system:controller:namespace-controller

/registry/clusterroles/system:controller:node-controller

/registry/clusterroles/system:controller:persistent-volume-binder

/registry/clusterroles/system:controller:pod-garbage-collector

/registry/clusterroles/system:controller:pv-protection-controller

/registry/clusterroles/system:controller:pvc-protection-controller

/registry/clusterroles/system:controller:replicaset-controller

/registry/clusterroles/system:controller:replication-controller

/registry/clusterroles/system:controller:resourcequota-controller

/registry/clusterroles/system:controller:root-ca-cert-publisher

/registry/clusterroles/system:controller:route-controller

/registry/clusterroles/system:controller:service-account-controller

/registry/clusterroles/system:controller:service-controller

/registry/clusterroles/system:controller:statefulset-controller

/registry/clusterroles/system:controller:ttl-after-finished-controller

/registry/clusterroles/system:controller:ttl-controller

/registry/clusterroles/system:controller:validatingadmissionpolicy-status-controller

/registry/clusterroles/system:coredns

/registry/clusterroles/system:discovery

/registry/clusterroles/system:heapster

/registry/clusterroles/system:kube-aggregator

/registry/clusterroles/system:kube-controller-manager

/registry/clusterroles/system:kube-dns

/registry/clusterroles/system:kube-scheduler

/registry/clusterroles/system:kubelet-api-admin

/registry/clusterroles/system:monitoring

/registry/clusterroles/system:node

/registry/clusterroles/system:node-bootstrapper

/registry/clusterroles/system:node-problem-detector

/registry/clusterroles/system:node-proxier

/registry/clusterroles/system:persistent-volume-provisioner

/registry/clusterroles/system:public-info-viewer

/registry/clusterroles/system:service-account-issuer-discovery

/registry/clusterroles/system:volume-scheduler

/registry/clusterroles/view

/registry/configmaps/default/kube-root-ca.crt

/registry/configmaps/kube-node-lease/kube-root-ca.crt

/registry/configmaps/kube-public/cluster-info

/registry/configmaps/kube-public/kube-root-ca.crt

/registry/configmaps/kube-system/coredns

/registry/configmaps/kube-system/extension-apiserver-authentication

/registry/configmaps/kube-system/kube-apiserver-legacy-service-account-token-tracking

/registry/configmaps/kube-system/kube-proxy

/registry/configmaps/kube-system/kube-root-ca.crt

/registry/configmaps/kube-system/kubeadm-config

/registry/configmaps/kube-system/kubelet-config

/registry/configmaps/local-path-storage/kube-root-ca.crt

/registry/configmaps/local-path-storage/local-path-config

/registry/controllerrevisions/kube-system/kindnet-6fb58d6544

/registry/controllerrevisions/kube-system/kube-proxy-79cf874c65

/registry/csinodes/local-ha-cluster-control-plane

/registry/csinodes/local-ha-cluster-control-plane2

/registry/csinodes/local-ha-cluster-control-plane3

/registry/csinodes/local-ha-cluster-worker

/registry/csinodes/local-ha-cluster-worker2

/registry/csinodes/local-ha-cluster-worker3

/registry/daemonsets/kube-system/kindnet

/registry/daemonsets/kube-system/kube-proxy

/registry/deployments/kube-system/coredns

/registry/deployments/local-path-storage/local-path-provisioner

/registry/endpointslices/default/kubernetes

/registry/endpointslices/kube-system/kube-dns-mv6v4

/registry/flowschemas/catch-all

/registry/flowschemas/endpoint-controller

/registry/flowschemas/exempt

/registry/flowschemas/global-default

/registry/flowschemas/kube-controller-manager

/registry/flowschemas/kube-scheduler

/registry/flowschemas/kube-system-service-accounts

/registry/flowschemas/probes

/registry/flowschemas/service-accounts

/registry/flowschemas/system-leader-election

/registry/flowschemas/system-node-high

/registry/flowschemas/system-nodes

/registry/flowschemas/workload-leader-election

/registry/leases/kube-node-lease/local-ha-cluster-control-plane

/registry/leases/kube-node-lease/local-ha-cluster-control-plane2

/registry/leases/kube-node-lease/local-ha-cluster-control-plane3

/registry/leases/kube-node-lease/local-ha-cluster-worker

/registry/leases/kube-node-lease/local-ha-cluster-worker2

/registry/leases/kube-node-lease/local-ha-cluster-worker3

/registry/leases/kube-system/apiserver-bfkvmqu6vro475j6q7osy4mtc4

/registry/leases/kube-system/apiserver-hayjj6bdikmc53setjfj66wvwu

/registry/leases/kube-system/apiserver-y7sv6y3vqc5c7utaww2r6ykyra

/registry/leases/kube-system/kube-controller-manager

/registry/leases/kube-system/kube-scheduler

/registry/masterleases/172.29.0.3

/registry/masterleases/172.29.0.6

/registry/masterleases/172.29.0.8

/registry/minions/local-ha-cluster-control-plane

/registry/minions/local-ha-cluster-control-plane2

/registry/minions/local-ha-cluster-control-plane3

/registry/minions/local-ha-cluster-worker

/registry/minions/local-ha-cluster-worker2

/registry/minions/local-ha-cluster-worker3

/registry/namespaces/default

/registry/namespaces/kube-node-lease

/registry/namespaces/kube-public

/registry/namespaces/kube-system

/registry/namespaces/local-path-storage

/registry/pods/kube-system/coredns-7db6d8ff4d-b5x6l

/registry/pods/kube-system/coredns-7db6d8ff4d-ht47c

/registry/pods/kube-system/etcd-local-ha-cluster-control-plane

/registry/pods/kube-system/etcd-local-ha-cluster-control-plane2

/registry/pods/kube-system/etcd-local-ha-cluster-control-plane3

/registry/pods/kube-system/kindnet-fb5zh

/registry/pods/kube-system/kindnet-fb9hk

/registry/pods/kube-system/kindnet-hh9mm

/registry/pods/kube-system/kindnet-kcqjd

/registry/pods/kube-system/kindnet-ktng9

/registry/pods/kube-system/kindnet-tgdt7

/registry/pods/kube-system/kube-apiserver-local-ha-cluster-control-plane

/registry/pods/kube-system/kube-apiserver-local-ha-cluster-control-plane2

/registry/pods/kube-system/kube-apiserver-local-ha-cluster-control-plane3

/registry/pods/kube-system/kube-controller-manager-local-ha-cluster-control-plane

/registry/pods/kube-system/kube-controller-manager-local-ha-cluster-control-plane2

/registry/pods/kube-system/kube-controller-manager-local-ha-cluster-control-plane3

/registry/pods/kube-system/kube-proxy-gbcvs

/registry/pods/kube-system/kube-proxy-hcvd5

/registry/pods/kube-system/kube-proxy-j8f7n

/registry/pods/kube-system/kube-proxy-lfjsq

/registry/pods/kube-system/kube-proxy-txzwg

/registry/pods/kube-system/kube-proxy-wch5z

/registry/pods/kube-system/kube-scheduler-local-ha-cluster-control-plane

/registry/pods/kube-system/kube-scheduler-local-ha-cluster-control-plane2

/registry/pods/kube-system/kube-scheduler-local-ha-cluster-control-plane3

/registry/pods/local-path-storage/local-path-provisioner-988d74bc-fswqt

/registry/priorityclasses/system-cluster-critical

/registry/priorityclasses/system-node-critical

/registry/prioritylevelconfigurations/catch-all

/registry/prioritylevelconfigurations/exempt

/registry/prioritylevelconfigurations/global-default

/registry/prioritylevelconfigurations/leader-election

/registry/prioritylevelconfigurations/node-high

/registry/prioritylevelconfigurations/system

/registry/prioritylevelconfigurations/workload-high

/registry/prioritylevelconfigurations/workload-low

/registry/ranges/serviceips

/registry/ranges/servicenodeports

/registry/replicasets/kube-system/coredns-7db6d8ff4d

/registry/replicasets/local-path-storage/local-path-provisioner-988d74bc

/registry/rolebindings/kube-public/kubeadm:bootstrap-signer-clusterinfo

/registry/rolebindings/kube-public/system:controller:bootstrap-signer

/registry/rolebindings/kube-system/kube-proxy

/registry/rolebindings/kube-system/kubeadm:kubelet-config

/registry/rolebindings/kube-system/kubeadm:nodes-kubeadm-config

/registry/rolebindings/kube-system/system::extension-apiserver-authentication-reader

/registry/rolebindings/kube-system/system::leader-locking-kube-controller-manager

/registry/rolebindings/kube-system/system::leader-locking-kube-scheduler

/registry/rolebindings/kube-system/system:controller:bootstrap-signer

/registry/rolebindings/kube-system/system:controller:cloud-provider

/registry/rolebindings/kube-system/system:controller:token-cleaner

/registry/roles/kube-public/kubeadm:bootstrap-signer-clusterinfo

/registry/roles/kube-public/system:controller:bootstrap-signer

/registry/roles/kube-system/extension-apiserver-authentication-reader

/registry/roles/kube-system/kube-proxy

/registry/roles/kube-system/kubeadm:kubelet-config

/registry/roles/kube-system/kubeadm:nodes-kubeadm-config

/registry/roles/kube-system/system::leader-locking-kube-controller-manager

/registry/roles/kube-system/system::leader-locking-kube-scheduler

/registry/roles/kube-system/system:controller:bootstrap-signer

/registry/roles/kube-system/system:controller:cloud-provider

/registry/roles/kube-system/system:controller:token-cleaner

/registry/secrets/kube-system/bootstrap-token-abcdef

/registry/serviceaccounts/default/default

/registry/serviceaccounts/kube-node-lease/default

/registry/serviceaccounts/kube-public/default

/registry/serviceaccounts/kube-system/attachdetach-controller

/registry/serviceaccounts/kube-system/bootstrap-signer

/registry/serviceaccounts/kube-system/certificate-controller

/registry/serviceaccounts/kube-system/clusterrole-aggregation-controller

/registry/serviceaccounts/kube-system/coredns

/registry/serviceaccounts/kube-system/cronjob-controller

/registry/serviceaccounts/kube-system/daemon-set-controller

/registry/serviceaccounts/kube-system/default

/registry/serviceaccounts/kube-system/deployment-controller

/registry/serviceaccounts/kube-system/disruption-controller

/registry/serviceaccounts/kube-system/endpoint-controller

/registry/serviceaccounts/kube-system/endpointslice-controller

/registry/serviceaccounts/kube-system/endpointslicemirroring-controller

/registry/serviceaccounts/kube-system/ephemeral-volume-controller

/registry/serviceaccounts/kube-system/expand-controller

/registry/serviceaccounts/kube-system/generic-garbage-collector

/registry/serviceaccounts/kube-system/horizontal-pod-autoscaler

/registry/serviceaccounts/kube-system/job-controller

/registry/serviceaccounts/kube-system/kindnet

/registry/serviceaccounts/kube-system/kube-proxy

/registry/serviceaccounts/kube-system/legacy-service-account-token-cleaner

/registry/serviceaccounts/kube-system/namespace-controller

/registry/serviceaccounts/kube-system/node-controller

/registry/serviceaccounts/kube-system/persistent-volume-binder

/registry/serviceaccounts/kube-system/pod-garbage-collector

/registry/serviceaccounts/kube-system/pv-protection-controller

/registry/serviceaccounts/kube-system/pvc-protection-controller

/registry/serviceaccounts/kube-system/replicaset-controller

/registry/serviceaccounts/kube-system/replication-controller

/registry/serviceaccounts/kube-system/resourcequota-controller

/registry/serviceaccounts/kube-system/root-ca-cert-publisher

/registry/serviceaccounts/kube-system/service-account-controller

/registry/serviceaccounts/kube-system/service-controller

/registry/serviceaccounts/kube-system/statefulset-controller

/registry/serviceaccounts/kube-system/token-cleaner

/registry/serviceaccounts/kube-system/ttl-after-finished-controller

/registry/serviceaccounts/kube-system/ttl-controller

/registry/serviceaccounts/kube-system/validatingadmissionpolicy-status-controller

/registry/serviceaccounts/local-path-storage/default

/registry/serviceaccounts/local-path-storage/local-path-provisioner-service-account

/registry/services/endpoints/default/kubernetes

/registry/services/endpoints/kube-system/kube-dns

/registry/services/specs/default/kubernetes

/registry/services/specs/kube-system/kube-dns

/registry/storageclasses/standard
